// Vitest Snapshot v1

exports[`rendering of DeliverInvest Component > checks if component renders 1`] = `
[
  <div
    className="grid-row"
    data-testid="grid"
  >
    <div
      className="grid-col-12 tablet:grid-col-10 desktop:grid-col-8"
      data-testid="grid"
    >
      <h2
        className="scorecard-header2"
      >
        Delivering investments
      </h2>
    </div>
  </div>,
  <div
    className="grid-row"
    data-testid="grid"
  >
    <div
      className="grid-col-12 tablet:grid-col-10 desktop:grid-col-6"
      data-testid="grid"
    >
      Short narrative about the why delivering investments is important. I prem ins _dolor sit amet concertetur adinissing plitvam at magna vitan prat convall bandit. Phasellus id urna ultrices, vestibulum guam a. accumsan mauris
    </div>
  </div>,
  <div
    className="grid-row grid-gap-6"
    data-testid="grid"
  >
    <div
      className="grid-col-12 tablet:grid-col-10 desktop:grid-col-8"
      data-testid="grid"
    >
      <table
        className="usa-table src-components-Table-Table-module__fullwidth--fOyj6 usa-table--striped"
        data-testid="table"
      >
        <thead>
          <tr>
            <th
              colSpan={4}
            >
              Table1 Metrics D2
            </th>
          </tr>
        </thead>
        <tbody>
          <tr>
            <th
              colSpan={2}
              scope="row"
            >
              Category 1D2
            </th>
            <td
              className="font-mono-sm text-tabular text-center"
            >
              #
            </td>
            <td
              className="font-mono-sm text-tabular text-center"
            >
              $#
            </td>
          </tr>
          <tr>
            <th
              colSpan={2}
              scope="row"
            >
              Category 2D2
            </th>
            <td
              className="font-mono-sm text-tabular text-center"
            >
              #
            </td>
            <td
              className="font-mono-sm text-tabular text-center"
            >
              $#
            </td>
          </tr>
          <tr>
            <th
              colSpan={2}
              scope="row"
            >
              Category 3D2
            </th>
            <td
              className="font-mono-sm text-tabular text-center"
            >
              #
            </td>
            <td
              className="font-mono-sm text-tabular text-center"
            >
              $#
            </td>
          </tr>
          <tr>
            <th
              colSpan={2}
              scope="row"
            >
              Category 4
            </th>
            <td
              className="font-mono-sm text-tabular text-center"
            >
              #
            </td>
            <td
              className="font-mono-sm text-tabular text-center"
            >
              $#
            </td>
          </tr>
          <tr>
            <th
              colSpan={2}
              scope="row"
            />
            <td
              className="font-mono-sm text-tabular text-center"
            />
            <td
              className="font-mono-sm text-tabular text-center"
            />
          </tr>
          <tr>
            <th
              colSpan={2}
              scope="row"
            />
            <td
              className="font-mono-sm text-tabular text-center"
            />
            <td
              className="font-mono-sm text-tabular text-center"
            />
          </tr>
          <tr>
            <th
              colSpan={2}
              scope="row"
            />
            <td
              className="font-mono-sm text-tabular text-center"
            />
            <td
              className="font-mono-sm text-tabular text-center"
            />
          </tr>
          <tr>
            <th
              colSpan={2}
              scope="row"
            />
            <td
              className="font-mono-sm text-tabular text-center"
            />
            <td
              className="font-mono-sm text-tabular text-center"
            />
          </tr>
        </tbody>
      </table>
      <table
        className="usa-table src-components-Table-Table-module__fullwidth--fOyj6 usa-table--striped"
        data-testid="table"
      >
        <thead>
          <tr>
            <th
              colSpan={4}
            >
              Table2 Metrics D2
            </th>
          </tr>
        </thead>
        <tbody>
          <tr>
            <th
              colSpan={2}
              scope="row"
            >
              Metric D2
            </th>
            <td
              className="font-mono-sm text-tabular text-center"
            >
              #
            </td>
          </tr>
        </tbody>
      </table>
      <table
        className="usa-table src-components-Table-Table-module__fullwidth--fOyj6 usa-table--striped"
        data-testid="table"
      >
        <thead>
          <tr>
            <th
              colSpan={4}
            >
              Table3 Metrics D2
            </th>
          </tr>
        </thead>
        <tbody>
          <tr>
            <th
              colSpan={2}
              scope="row"
            >
              Metric D2
            </th>
            <td
              className="font-mono-sm text-tabular text-center"
            >
              $#
            </td>
          </tr>
          <tr>
            <th
              colSpan={2}
              scope="row"
            >
              Metric D2
            </th>
            <td
              className="font-mono-sm text-tabular text-center"
            >
              $#
            </td>
          </tr>
          <tr>
            <th
              colSpan={2}
              scope="row"
            >
              Metric D2
            </th>
            <td
              className="font-mono-sm text-tabular text-center"
            >
              $#
            </td>
          </tr>
          <tr>
            <th
              colSpan={2}
              scope="row"
            >
              Metric D2
            </th>
            <td
              className="font-mono-sm text-tabular text-center"
            >
              $#
            </td>
          </tr>
        </tbody>
      </table>
      <table
        className="usa-table src-components-Table-Table-module__fullwidth--fOyj6 usa-table--striped"
        data-testid="table"
      >
        <tbody>
          <tr>
            <th
              className="vertical-align-top"
              colSpan={2}
              scope="row"
            >
              Table3 Metrics D2
            </th>
            <td
              className="font-mono-sm text-tabular text-center"
            >
              Optional: Metric D2
            </td>
          </tr>
        </tbody>
      </table>
    </div>
    <div
      className="grid-col-12 tablet:grid-col-10 desktop:grid-col-4"
      data-testid="grid"
    >
      <div
        className="usa-summary-box margin-top-2"
        data-testid="summary-box"
      >
        <div
          className="usa-summary-box__body"
        >
          <h3
            className="usa-summary-box__heading"
          >
            Delivering investments at D2 Agency Dept Office
          </h3>
          <div
            className="usa-summary-box__text"
          />
        </div>
      </div>
    </div>
  </div>,
]
`;
