// Vitest Snapshot v1

exports[`rendering of DeliverInvest Component > checks if component renders 1`] = `
<div
  className="grid-row grid-gap-6"
  data-testid="grid"
>
  <div
    className="grid-col-12 tablet:grid-col-10 desktop:grid-col-8"
    data-testid="grid"
  >
    <h2>
      Delivering investments
    </h2>
    <table
      className="usa-table src-components-Table-Table-module__fullwidth--fOyj6 usa-table--striped"
      data-testid="table"
    >
      <thead>
        <tr>
          <th
            colSpan={4}
          >
            Table1 Metrics A
          </th>
        </tr>
      </thead>
      <tbody>
        <tr>
          <th
            colSpan={2}
            scope="row"
          >
            Category 1A
          </th>
          <td
            className="font-mono-sm text-tabular text-center"
          >
            #
          </td>
          <td
            className="font-mono-sm text-tabular text-center"
          >
            $#
          </td>
        </tr>
        <tr>
          <th
            colSpan={2}
            scope="row"
          >
            Category 2A
          </th>
          <td
            className="font-mono-sm text-tabular text-center"
          >
            #
          </td>
          <td
            className="font-mono-sm text-tabular text-center"
          >
            $#
          </td>
        </tr>
        <tr>
          <th
            colSpan={2}
            scope="row"
          >
            Category 3A
          </th>
          <td
            className="font-mono-sm text-tabular text-center"
          >
            #
          </td>
          <td
            className="font-mono-sm text-tabular text-center"
          >
            $#
          </td>
        </tr>
      </tbody>
    </table>
    <table
      className="usa-table src-components-Table-Table-module__fullwidth--fOyj6 usa-table--striped"
      data-testid="table"
    >
      <thead>
        <tr>
          <th
            colSpan={4}
          >
            Table2 Metrics A
          </th>
        </tr>
      </thead>
      <tbody>
        <tr>
          <th
            colSpan={2}
            scope="row"
          >
            MetricA
          </th>
          <td
            className="font-mono-sm text-tabular text-center"
          >
            $#
          </td>
        </tr>
      </tbody>
    </table>
    <table
      className="usa-table src-components-Table-Table-module__fullwidth--fOyj6 usa-table--striped"
      data-testid="table"
    >
      <thead>
        <tr>
          <th
            colSpan={4}
          >
            Table3 Metrics A
          </th>
        </tr>
      </thead>
      <tbody>
        <tr>
          <th
            colSpan={2}
            scope="row"
          >
            MetricA
          </th>
          <td
            className="font-mono-sm text-tabular text-center"
          >
            $#
          </td>
        </tr>
        <tr>
          <th
            colSpan={2}
            scope="row"
          >
            MetricA
          </th>
          <td
            className="font-mono-sm text-tabular text-center"
          >
            $#
          </td>
        </tr>
        <tr>
          <th
            colSpan={2}
            scope="row"
          >
            MetricA
          </th>
          <td
            className="font-mono-sm text-tabular text-center"
          >
            $#
          </td>
        </tr>
      </tbody>
    </table>
    <table
      className="usa-table src-components-Table-Table-module__fullwidth--fOyj6 usa-table--striped"
      data-testid="table"
    >
      <thead>
        <tr>
          <th
            colSpan={4}
          >
            Table4 Metrics A
          </th>
        </tr>
      </thead>
      <tbody>
        <tr>
          <th
            colSpan={2}
            scope="row"
          >
            Optional: MetricA
          </th>
          <td
            className="font-mono-sm text-tabular text-center"
          >
            LoremA ipsum dolor sit amet, consectetur adipiscing elit. Morbi luctus velit non justo tempus, sit amet bibendum tellus convallis. Vestibulum ante ipsum primis in faucibus orci luctus et ultrices posuere cubilia curae; Nam in gravida mi. Nam nisl ante, ultricies et massa id, euismod sodales arcu. Sed velit felis, tristique a nunc sit amet, rutrum iaculis lectus. Nullam auctor justo at odio sagittis rutrum. Nunc eget malesuada mauris. Donec tincidunt ex in mi ultrices sodales. Aliquam at lobortis eros, eu mollis tellus. Nullam sit amet elementum tellus. Suspendisse viverra ligula neque, id dapibus nisl elementum et. Integer mattis magna ac lorem fermentum, laoreet accumsan tellus tincidunt. Donec bibendum viverra velit vel eleifend.
          </td>
        </tr>
      </tbody>
    </table>
  </div>
  <div
    className="grid-col-12 tablet:grid-col-10 desktop:grid-col-4"
    data-testid="grid"
  >
    <div
      className="usa-summary-box"
      data-testid="summary-box"
    >
      <div
        className="usa-summary-box__body"
      >
        <h3
          className="usa-summary-box__heading"
        >
          Delivering investments at Agency A
        </h3>
        <div
          className="usa-summary-box__text"
        >
          LoremA ipsum dolor sit amet, consectetur adipiscing elit. Morbi luctus velit non justo tempus, sit amet bibendum tellus convallis. Vestibulum ante ipsum primis in faucibus orci luctus et ultrices posuere cubilia curae; Nam in gravida mi. Nam nisl ante, ultricies et massa id, euismod sodales arcu. Sed velit felis, tristique a nunc sit amet, rutrum iaculis lectus. Nullam auctor justo at odio sagittis rutrum. Nunc eget malesuada mauris. Donec tincidunt ex in mi ultrices sodales. Aliquam at lobortis eros, eu mollis tellus. Nullam sit amet elementum tellus. Suspendisse viverra ligula neque, id dapibus nisl elementum et. Integer mattis magna ac lorem fermentum, laoreet accumsan tellus tincidunt. Donec bibendum viverra velit vel eleifend.
        </div>
      </div>
    </div>
  </div>
</div>
`;
