// Vitest Snapshot v1

exports[`rendering of InstitutionEJ Component > checks if component renders 1`] = `
[
  <div
    className="grid-row"
    data-testid="grid"
  >
    <div
      className="grid-col-12 tablet:grid-col-10 desktop:grid-col-8"
      data-testid="grid"
    >
      <h2
        className="scorecard-header2"
      >
        Institutionalizing Environmental Justice
      </h2>
    </div>
  </div>,
  <div
    className="grid-row"
    data-testid="grid"
  >
    <div
      className="grid-col-12 tablet:grid-col-10 desktop:grid-col-6"
      data-testid="grid"
    >
      Short narrative about the why Institutionalizing Environmental Justice is important. I prem ins _dolor sit amet concertetur adinissing plitvam at magna vitan prat convall bandit. Phasellus id urna ultrices, vestibulum guam a. accumsan mauris
    </div>
  </div>,
  <div
    className="grid-row grid-gap-6"
    data-testid="grid"
  >
    <div
      className="grid-col-12 tablet:grid-col-10 desktop:grid-col-8"
      data-testid="grid"
    >
      <table
        className="usa-table src-components-Table-Table-module__fullwidth--fOyj6 usa-table--striped"
        data-testid="table"
      >
        <tbody>
          <tr>
            <td
              className="font-mono-sm text-tabular text-left"
              colSpan={5}
            >
              Y-N Questn T2
            </td>
            <td
              className="font-mono-sm text-tabular text-left"
            >
              Boolean
            </td>
            <td
              className="font-mono-sm text-tabular text-left"
            >
              #
            </td>
          </tr>
          <tr>
            <td
              className="font-mono-sm text-tabular text-left"
              colSpan={5}
            >
              Y-N Questn T2
            </td>
            <td
              className="font-mono-sm text-tabular text-left"
            >
              Boolean
            </td>
            <td
              className="font-mono-sm text-tabular text-left"
            >
              #
            </td>
          </tr>
          <tr>
            <td
              className="font-mono-sm text-tabular submetric"
              colSpan={5}
            >
              SubmetricT2
            </td>
            <td
              className="font-mono-sm text-tabular text-left"
              colSpan={2}
            >
              #
            </td>
          </tr>
          <tr>
            <td
              className="font-mono-sm text-tabular submetric"
              colSpan={5}
            >
              SubmetricT2
            </td>
            <td
              className="font-mono-sm text-tabular text-left"
              colSpan={2}
            >
              #
            </td>
          </tr>
          <tr>
            <td
              className="font-mono-sm text-tabular submetric"
              colSpan={5}
            >
              SubmetricT2
            </td>
            <td
              className="font-mono-sm text-tabular text-left"
              colSpan={2}
            >
              #
            </td>
          </tr>
          <tr>
            <td
              className="font-mono-sm text-tabular submetric"
              colSpan={5}
            >
              SubmetricT2
            </td>
            <td
              className="font-mono-sm text-tabular text-left"
              colSpan={2}
            >
              #
            </td>
          </tr>
          <tr>
            <td
              className="font-mono-sm text-tabular text-left"
              colSpan={5}
            >
              Y-N Questn T2
            </td>
            <td
              className="font-mono-sm text-tabular text-left"
              colSpan={2}
            >
              Boolean
            </td>
          </tr>
          <tr>
            <td
              className="font-mono-sm text-tabular text-left"
              colSpan={5}
            >
              Y-N Questn T2
            </td>
            <td
              className="font-mono-sm text-tabular text-left"
              colSpan={2}
            >
              #
            </td>
          </tr>
          <tr>
            <td
              className="font-mono-sm text-tabular text-left"
              colSpan={5}
            >
              Y-N Questn T2
            </td>
            <td
              className="font-mono-sm text-tabular text-left"
              colSpan={2}
            >
              Boolean
            </td>
          </tr>
          <tr>
            <td
              className="font-mono-sm text-tabular text-left"
              colSpan={5}
            >
              Y-N Questn T2
            </td>
            <td
              className="font-mono-sm text-tabular text-left"
              colSpan={2}
            >
              #
            </td>
          </tr>
          <tr>
            <td
              className="font-mono-sm text-tabular text-left"
              colSpan={5}
            >
              Y-N Questn T2
            </td>
            <td
              className="font-mono-sm text-tabular text-left"
              colSpan={2}
            >
              Boolean
            </td>
          </tr>
          <tr>
            <td
              className="font-mono-sm text-tabular text-left"
              colSpan={5}
            >
              Y-N Questn T2
            </td>
            <td
              className="font-mono-sm text-tabular text-left"
              colSpan={2}
            >
              Boolean
            </td>
          </tr>
          <tr>
            <td
              className="font-mono-sm text-tabular text-left"
              colSpan={5}
            >
              Y-N Questn T2
            </td>
            <td
              className="font-mono-sm text-tabular text-left"
              colSpan={2}
            >
              Boolean
            </td>
          </tr>
          <tr>
            <td
              className="font-mono-sm text-tabular text-left"
              colSpan={5}
            >
              Y-N Questn T2
            </td>
            <td
              className="font-mono-sm text-tabular text-left"
              colSpan={2}
            >
              Boolean
            </td>
          </tr>
          <tr>
            <td
              className="font-mono-sm text-tabular text-left"
              colSpan={5}
            >
              Y-N Questn T2
            </td>
            <td
              className="font-mono-sm text-tabular text-left"
              colSpan={2}
            >
              #
            </td>
          </tr>
        </tbody>
      </table>
      <table
        className="usa-table src-components-Table-Table-module__fullwidth--fOyj6 usa-table--striped"
        data-testid="table"
      >
        <tbody>
          <tr>
            <td
              className="font-mono-sm text-tabular text-left"
              colSpan={10}
            >
              SummaryT2
            </td>
            <td
              className="font-mono-sm text-tabular text-left"
            >
              ipsum dolor sit amet, consectetur adipiscing elit. Morbi luctus velit non justo tempus, sit amet bibendum tellus convallis.
            </td>
          </tr>
          <tr>
            <td
              className="font-mono-sm text-tabular text-left"
              colSpan={10}
            >
              SummaryT2
            </td>
            <td
              className="font-mono-sm text-tabular text-left"
            >
              ipsum dolor sit amet, consectetur adipiscing elit. Morbi luctus velit non justo tempus, sit amet bibendum tellus convallis.
            </td>
          </tr>
        </tbody>
      </table>
    </div>
    <div
      className="grid-col-12 tablet:grid-col-10 desktop:grid-col-4"
      data-testid="grid"
    >
      <div
        className="usa-summary-box margin-top-2"
        data-testid="summary-box"
      >
        <div
          className="usa-summary-box__body"
        >
          <h3
            className="usa-summary-box__heading"
          >
            Institutionalizing EJ at T2 Agency Dept Office
          </h3>
          <div
            className="usa-summary-box__text"
          >
            Lorem T2 ipsum dolor sit amet, consectetur adipiscing elit. Morbi luctus velit non justo tempus, sit amet bibendum tellus convallis. Vestibulum ante ipsum primis in faucibus orci luctus et ultrices posuere cubilia curae; Nam in gravida mi. Nam nisl ante, ultricies et massa id, euismod sodales arcu. Sed velit felis, tristique a nunc sit amet, rutrum iaculis lectus. Nullam auctor justo at odio sagittis rutrum. Nunc eget malesuada mauris. Donec tincidunt ex in mi ultrices sodales. Aliquam at lobortis eros, eu mollis tellus. Nullam sit amet elementum tellus. Suspendisse viverra ligula neque, id dapibus nisl elementum et. Integer mattis magna ac lorem fermentum, laoreet accumsan tellus tincidunt. Donec bibendum viverra velit vel eleifend.
          </div>
        </div>
      </div>
    </div>
  </div>,
]
`;
