// Vitest Snapshot v1

exports[`rendering of TemplateSection1 Component > checks if component renders 1`] = `
[
  <div
    className="grid-row"
    data-testid="grid"
  >
    <div
      className="grid-col-12 tablet:grid-col-10 desktop:grid-col-8"
      data-testid="grid"
    >
      <h2
        className="scorecard-header2"
      >
        Justice40 Initiative
      </h2>
    </div>
  </div>,
  <div
    className="grid-row grid-gap-6"
    data-testid="grid"
  >
    <div
      className="grid-col-12 tablet:grid-col-10 desktop:grid-col-8"
      data-testid="grid"
    >
      <p
        className="margin-top-0"
      >
        For the first time in our nation’s history, the Federal government has made it a goal that 40 percent of the overall benefits of certain Federal investments flow to disadvantaged communities that are marginalized, underserved, and overburdened by pollution. The following reflects the historic resources available to communities in Fiscal Year 2022 to implement the Justice40 Initiative. Please visit this page
         
        <a
          href="epa.gov/justice40"
        >
          epa.gov/justice40
        </a>
      </p>
      <p>
        
          The goal of 40 percent of overall benefits refers to all covered programs under the Justice40 Initiative. Information about how these programs will identify and track benefits will be shared in the Phase Two Environmental Justice Scorecard.
          
      </p>
      <h4>
        40 Justice40 covered programs
      </h4>
      <ul
        className="bullet1"
      >
        <li>
          
            80 announcements in Fiscal Year 2022 representing a total of $28 million funding that is available to benefit communities **add footnote, that the funding amounts include annual discretionary and mandatory appropriations, Inflation Reduction Act, and Bipartisan Infrastructure Law funding 
            
        </li>
        <ul>
          <li>
            Developed resources for states revising their disadvantaged community definitions and affordability criteria through the Clean Water State Revolving Fund (CWSRF), the Drinking Water State Revolving Fund (DWSRF), the Water Infrastructure Improvements for the Nation (WIIN), and Bipartisan Infrastructure Law (BIL) funding
          </li>
          <li>
            Engaged with State Revolving Fund partners to prioritize and launch technical assistance pilots for disadvantaged communities
          </li>
          <li>
            Prioritized financing projects in economically stressed communities in the Water Infrastructure Finance and Innovation Act (WIFIA) program FY22 Notice of Funding Availability (NOFA)
          </li>
        </ul>
        <li>
          Made program modifications for Justice40 covered programs such as:
        </li>
        <ul>
          <li />
          <li />
          <li />
        </ul>
      </ul>
    </div>
    <div
      className="grid-col-12 tablet:grid-col-10 desktop:grid-col-4"
      data-testid="grid"
    >
      <div
        className="usa-summary-box"
        data-testid="summary-box"
      >
        <div
          className="usa-summary-box__body"
        >
          <h3
            className="usa-summary-box__heading"
          >
            Environmental Protection Agency Justice40 highlights
          </h3>
          <div
            className="usa-summary-box__text"
          >
            •	Provided assistance to [XX] communities through the Technical Assistance Services for Communities (TASC) program  •	Worked with over 200 Tribal partners to design, develop, and publish curriculum about how to reduce childhood lead exposure, and hosted 10 training sessions in Tribal communities, reaching 450 participants  •	Improved multilingual access to information, including Requests for Proposals, webinars, and in-person trainings  •	Conducted and participated in 27 federal outreach and engagement events in support of small and disadvantaged businesses, reaching over 700 participants in FY22
          </div>
        </div>
      </div>
    </div>
  </div>,
]
`;
