// Vitest Snapshot v1

exports[`rendering of AgencyInfo Component > checks if component renders group 1 1`] = `
<div
  className="grid-row grid-gap"
  data-testid="grid"
>
  <div
    className="grid-col-12 tablet:grid-col-10 desktop:grid-col-8"
    data-testid="grid"
  >
    <div
      className="grid-row grid-gap"
      data-testid="grid"
    >
      <div
        className="grid-col-4"
        data-testid="grid"
      >
        <div>
          <div
            className="gatsby-image-wrapper gatsby-image-wrapper-constrained"
            data-gatsby-image-wrapper=""
            style={
              {
                "backgroundColor": undefined,
                "display": "inline-block",
                "overflow": "hidden",
                "position": "relative",
                "verticalAlign": "top",
              }
            }
          >
            <div
              style={
                {
                  "display": "block",
                  "maxWidth": 334,
                }
              }
            >
              <img
                alt=""
                aria-hidden="true"
                role="presentation"
                src="data:image/svg+xml;charset=utf-8,%3Csvg%20height='278'%20width='334'%20xmlns='http://www.w3.org/2000/svg'%20version='1.1'%3E%3C/svg%3E"
                style={
                  {
                    "display": "block",
                    "maxWidth": "100%",
                    "position": "static",
                  }
                }
              />
            </div>
            <div
              aria-hidden={true}
              data-placeholder-image=""
              style={
                {
                  "height": "100%",
                  "left": 0,
                  "position": "absolute",
                  "top": 0,
                  "width": "100%",
                }
              }
            />
            <picture>
              <source
                data-srcset="/static/703cdc54fb8f1bddfe59854183c3829b/59647/agency-a.webp 84w,/static/703cdc54fb8f1bddfe59854183c3829b/02be2/agency-a.webp 167w,/static/703cdc54fb8f1bddfe59854183c3829b/7adb0/agency-a.webp 334w"
                sizes="(min-width: 334px) 334px, 100vw"
                type="image/webp"
              />
              <img
                alt="Agency logo"
                data-gatsby-image-ssr=""
                data-main-image=""
                data-src="/static/703cdc54fb8f1bddfe59854183c3829b/dff88/agency-a.png"
                data-srcset="/static/703cdc54fb8f1bddfe59854183c3829b/c3bfd/agency-a.png 84w,/static/703cdc54fb8f1bddfe59854183c3829b/53761/agency-a.png 167w,/static/703cdc54fb8f1bddfe59854183c3829b/dff88/agency-a.png 334w"
                decoding="async"
                loading="lazy"
                sizes="(min-width: 334px) 334px, 100vw"
                style={
                  {
                    "backgroundColor": undefined,
                    "height": "100%",
                    "left": 0,
                    "objectFit": undefined,
                    "objectPosition": undefined,
                    "opacity": 0,
                    "position": "absolute",
                    "top": 0,
                    "transform": "translateZ(0)",
                    "transition": "opacity 250ms linear",
                    "width": "100%",
                    "willChange": "opacity",
                  }
                }
              />
            </picture>
            <noscript>
              <picture>
                <source
                  sizes="(min-width: 334px) 334px, 100vw"
                  srcSet="/static/703cdc54fb8f1bddfe59854183c3829b/59647/agency-a.webp 84w,/static/703cdc54fb8f1bddfe59854183c3829b/02be2/agency-a.webp 167w,/static/703cdc54fb8f1bddfe59854183c3829b/7adb0/agency-a.webp 334w"
                  type="image/webp"
                />
                <img
                  alt="Agency logo"
                  data-gatsby-image-ssr=""
                  data-main-image=""
                  decoding="async"
                  loading="lazy"
                  sizes="(min-width: 334px) 334px, 100vw"
                  src="/static/703cdc54fb8f1bddfe59854183c3829b/dff88/agency-a.png"
                  srcSet="/static/703cdc54fb8f1bddfe59854183c3829b/c3bfd/agency-a.png 84w,/static/703cdc54fb8f1bddfe59854183c3829b/53761/agency-a.png 167w,/static/703cdc54fb8f1bddfe59854183c3829b/dff88/agency-a.png 334w"
                  style={
                    {
                      "backgroundColor": undefined,
                      "height": "100%",
                      "left": 0,
                      "objectFit": undefined,
                      "objectPosition": undefined,
                      "opacity": 0,
                      "position": "absolute",
                      "top": 0,
                      "transform": "translateZ(0)",
                      "transition": "opacity 250ms linear",
                      "width": "100%",
                      "willChange": "opacity",
                    }
                  }
                />
              </picture>
            </noscript>
            <script
              dangerouslySetInnerHTML={
                {
                  "__html": "const t=\\"undefined\\"!=typeof HTMLImageElement&&\\"loading\\"in HTMLImageElement.prototype;if(t){const t=document.querySelectorAll(\\"img[data-main-image]\\");for(let e of t){e.dataset.src&&(e.setAttribute(\\"src\\",e.dataset.src),e.removeAttribute(\\"data-src\\")),e.dataset.srcset&&(e.setAttribute(\\"srcset\\",e.dataset.srcset),e.removeAttribute(\\"data-srcset\\"));const t=e.parentNode.querySelectorAll(\\"source[data-srcset]\\");for(let e of t)e.setAttribute(\\"srcset\\",e.dataset.srcset),e.removeAttribute(\\"data-srcset\\");e.complete&&(e.style.opacity=1,e.parentNode.parentNode.querySelector(\\"[data-placeholder-image]\\").style.opacity=0)}}",
                }
              }
              type="module"
            />
          </div>
          <h3>
            Test Agency
          </h3>
          <span>
            1 Pennsylvania Avenue N.W.
          </span>
          <span>
            Washington, D.C. 20004
          </span>
          <span>
            <a
              href="tel:(212) 533-3333"
            >
              (212) 533-3333
            </a>
          </span>
          <span>
            <a
              className="usa-link usa-link--alt usa-link--external"
              href="https://someagency.gov"
              rel="noopener noreferrer"
              target="_blank"
            >
              someagency.gov
            </a>
          </span>
        </div>
      </div>
      <div
        className="grid-col-8"
        data-testid="grid"
      >
        <div>
          <h2>
            About the Test Agency
          </h2>
          <p>
            mission
          </p>
           
        </div>
      </div>
    </div>
    <div
      className="grid-row grid-gap"
      data-testid="grid"
    >
      <p>
        This page provides information on how
         
        <strong>
          the Test Agency
        </strong>
         is working to reduce climate and environmental burdens and harms in communities across America. It is part of Phase One of the Biden-Harris Administration's Environmental Justice Scorecard.
      </p>
    </div>
  </div>
  <div
    className="grid-col-12 tablet:grid-col-10 desktop:grid-col-1"
    data-testid="grid"
  />
  <div
    className="grid-col-12 tablet:grid-col-10 desktop:grid-col-3"
    data-testid="grid"
  />
</div>
`;

exports[`rendering of ScorecardSideNav Component > checks if component renders 1`] = `null`;

exports[`rendering of TemplateSection1 Component > checks if component renders 1`] = `
[
  <div
    className="grid-row"
    data-testid="grid"
  >
    <div
      className="grid-col-12 tablet:grid-col-10 desktop:grid-col-8"
      data-testid="grid"
    >
      <h2
        className="scorecard-header2"
      >
        Justice40 Initiative
      </h2>
    </div>
  </div>,
  <div
    className="grid-row grid-gap-6"
    data-testid="grid"
  >
    <div
      className="grid-col-12 tablet:grid-col-10 desktop:grid-col-8"
      data-testid="grid"
    >
      <p
        className="margin-top-0"
      >
        As part of President Biden’s
         
        <a
          className="usa-link usa-link--alt usa-link--external"
          href="https://ceq.sites.eop.gov/ceqej/Shared%20Documents/Scorecard/Template/whitehouse.gov/environmentaljustice/justice40"
          rel="noreferrer"
          target="_blank"
        >
          Justice40 Initiative
        </a>
         
        , the federal government is working to ensure that 40 percent of the overall benefits of certain federal investments reach disadvantaged communities that are marginalized and overburdened by pollution and underinvestment. In particular, the President’s Justice40 Initiative applies to federal investments that address climate change, clean energy and energy efficiency, clean transit, affordable and sustainable housing, training and workforce development, remediation and reduction of legacy pollution, and the development of critical clean water and wastewater infrastructure.
      </p>
      <p>
        This Phase One Scorecard provides an update on initial progress made by 
        the Test Agency
         in implementing the Justice40 Initiative. Future versions of the Environmental Justice Scorecard will provide additional information and updates on the benefits of Justice40 covered programs.
      </p>
      <div>
        <strong>
          Phase one Scorecard metrics and highlights include:
        </strong>
      </div>
      <ul
        className="bullet1"
      >
        <li>
          <strong>
            100
          </strong>
           Justice40 covered program(s)
        </li>
        <li>
          <strong>
            100
          </strong>
           
          funding announcement(s) covered under the Justice40 Initiative
          <sup>
            1
          </sup>
        </li>
        <li>
          <strong>
            100
          </strong>
           of funding made available from covered programs
        </li>
        <ul>
          <li>
            E1
          </li>
          <li>
            E2
          </li>
          <li>
            E3
          </li>
        </ul>
      </ul>
      <p>
        <sup>
          1
        </sup>
         This funding amount describes examples of the funding that was made available in Fiscal Year 2022 through Justice40 covered programs. The amount does not represent the total funding that benefits disadvantaged communities. The funding was made available through grants, notices of funding opportunity, and other funding announcements. These funding announcements were from Justice40 covered programs that were funded through discretionary and mandatory appropriations, as well as supplemental appropriations, such as those enacted under the Bipartisan Infrastructure Law (Pub. L. 117-58). The Justice40 Initiative sets a goal that 40 percent of overall benefits from certain federal investments flow to disadvantaged communities.
      </p>
    </div>
    <div
      className="grid-col-12 tablet:grid-col-10 desktop:grid-col-4"
      data-testid="grid"
    >
      <div
        className="usa-summary-box"
        data-testid="summary-box"
      >
        <div
          className="usa-summary-box__body"
        >
          <h3
            className="usa-summary-box__heading"
          >
            TAG's Justice40 Initiative highlights
          </h3>
          <div
            className="usa-summary-box__text"
          >
            Highlight
          </div>
        </div>
      </div>
    </div>
  </div>,
]
`;
