// Vitest Snapshot v1

exports[`rendering of SurveyButton Component > checks if component renders 1`] = `
<div
  className="grid-container-desktop-lg"
  data-testid="gridContainer"
>
  <a
    href="#"
    rel="noreferrer"
    target="_blank"
  >
    <strong>
      Share your feedback
    </strong>
  </a>
</div>
`;
